INFO  Start processing
FATAL Something's wrong. Maybe you can find the solution here: http://hexo.io/docs/troubleshooting.html
TypeError: callback is not a function
    at Hexo.<anonymous> (/home/fusion809/GitHub/hexo-site/scripts/footnotes.js:56:2)
    at Hexo.tryCatcher (/home/fusion809/GitHub/hexo-site/node_modules/hexo/node_modules/bluebird/js/release/util.js:16:23)
    at Hexo.<anonymous> (/home/fusion809/GitHub/hexo-site/node_modules/hexo/node_modules/bluebird/js/release/method.js:15:34)
    at /home/fusion809/GitHub/hexo-site/node_modules/hexo/lib/extend/filter.js:68:35
    at tryCatcher (/home/fusion809/GitHub/hexo-site/node_modules/hexo/node_modules/bluebird/js/release/util.js:16:23)
    at Object.gotValue (/home/fusion809/GitHub/hexo-site/node_modules/hexo/node_modules/bluebird/js/release/reduce.js:145:18)
    at Object.gotAccum (/home/fusion809/GitHub/hexo-site/node_modules/hexo/node_modules/bluebird/js/release/reduce.js:134:25)
    at Object.tryCatcher (/home/fusion809/GitHub/hexo-site/node_modules/hexo/node_modules/bluebird/js/release/util.js:16:23)
    at Promise._settlePromiseFromHandler (/home/fusion809/GitHub/hexo-site/node_modules/hexo/node_modules/bluebird/js/release/promise.js:502:31)
    at Promise._settlePromise (/home/fusion809/GitHub/hexo-site/node_modules/hexo/node_modules/bluebird/js/release/promise.js:559:18)
    at Promise._settlePromise0 (/home/fusion809/GitHub/hexo-site/node_modules/hexo/node_modules/bluebird/js/release/promise.js:604:10)
    at Promise._settlePromises (/home/fusion809/GitHub/hexo-site/node_modules/hexo/node_modules/bluebird/js/release/promise.js:683:18)
    at Async._drainQueue (/home/fusion809/GitHub/hexo-site/node_modules/hexo/node_modules/bluebird/js/release/async.js:138:16)
    at Async._drainQueues (/home/fusion809/GitHub/hexo-site/node_modules/hexo/node_modules/bluebird/js/release/async.js:148:10)
    at Immediate.Async.drainQueues [as _onImmediate] (/home/fusion809/GitHub/hexo-site/node_modules/hexo/node_modules/bluebird/js/release/async.js:17:14)
    at tryOnImmediate (timers.js:534:15)
    at processImmediate [as _immediateCallback] (timers.js:514:5)
FATAL callback is not a function
TypeError: callback is not a function
    at Hexo.<anonymous> (/home/fusion809/GitHub/hexo-site/scripts/footnotes.js:56:2)
    at Hexo.tryCatcher (/home/fusion809/GitHub/hexo-site/node_modules/hexo/node_modules/bluebird/js/release/util.js:16:23)
    at Hexo.<anonymous> (/home/fusion809/GitHub/hexo-site/node_modules/hexo/node_modules/bluebird/js/release/method.js:15:34)
    at /home/fusion809/GitHub/hexo-site/node_modules/hexo/lib/extend/filter.js:68:35
    at tryCatcher (/home/fusion809/GitHub/hexo-site/node_modules/hexo/node_modules/bluebird/js/release/util.js:16:23)
    at Object.gotValue (/home/fusion809/GitHub/hexo-site/node_modules/hexo/node_modules/bluebird/js/release/reduce.js:145:18)
    at Object.gotAccum (/home/fusion809/GitHub/hexo-site/node_modules/hexo/node_modules/bluebird/js/release/reduce.js:134:25)
    at Object.tryCatcher (/home/fusion809/GitHub/hexo-site/node_modules/hexo/node_modules/bluebird/js/release/util.js:16:23)
    at Promise._settlePromiseFromHandler (/home/fusion809/GitHub/hexo-site/node_modules/hexo/node_modules/bluebird/js/release/promise.js:502:31)
    at Promise._settlePromise (/home/fusion809/GitHub/hexo-site/node_modules/hexo/node_modules/bluebird/js/release/promise.js:559:18)
    at Promise._settlePromise0 (/home/fusion809/GitHub/hexo-site/node_modules/hexo/node_modules/bluebird/js/release/promise.js:604:10)
    at Promise._settlePromises (/home/fusion809/GitHub/hexo-site/node_modules/hexo/node_modules/bluebird/js/release/promise.js:683:18)
    at Async._drainQueue (/home/fusion809/GitHub/hexo-site/node_modules/hexo/node_modules/bluebird/js/release/async.js:138:16)
    at Async._drainQueues (/home/fusion809/GitHub/hexo-site/node_modules/hexo/node_modules/bluebird/js/release/async.js:148:10)
    at Immediate.Async.drainQueues [as _onImmediate] (/home/fusion809/GitHub/hexo-site/node_modules/hexo/node_modules/bluebird/js/release/async.js:17:14)
    at tryOnImmediate (timers.js:534:15)
    at processImmediate [as _immediateCallback] (timers.js:514:5)
